../Core/Src/main.c:71:6:BME_ShiftRegs	16	static
../Core/Src/main.c:81:6:BME_cs	16	static
../Core/Src/main.c:102:6:BME_write_reg	24	static
../Core/Src/main.c:117:9:BME_read_Data8	32	static
../Core/Src/main.c:129:6:BME_read_DataU16	24	static
../Core/Src/main.c:141:6:BME_read_DataS16	24	static
../Core/Src/main.c:152:6:BME_read_DataU24	24	static
../Core/Src/main.c:166:6:BME_read_DataU24_BE	24	static
../Core/Src/main.c:178:6:BME_read_DataS24	24	static
../Core/Src/main.c:188:6:BMEReadCalibData	16	static
../Core/Src/main.c:203:6:BME280_SetMode	24	static
../Core/Src/main.c:215:7:BME280_ReadTemperature	24	static
../Core/Src/main.c:239:7:BME280_ReadPressure	352	static
../Core/Src/main.c:274:6:BME280_Init	8	static
../Core/Src/main.c:289:7:workWithBME280	4	static
../Core/Src/main.c:304:5:main	8	static
../Core/Src/main.c:348:6:SystemClock_Config	88	static
../Core/Src/main.c:390:13:MX_SPI2_Init	8	static
../Core/Src/main.c:428:13:MX_GPIO_Init	40	static
../Core/Src/main.c:456:6:Error_Handler	4	static,ignoring_inline_asm
