../Core/Src/main.c:72:5:_write	24	static
../Core/Src/main.c:79:6:BME_ShiftRegs	16	static
../Core/Src/main.c:89:6:BME_cs	16	static
../Core/Src/main.c:110:6:BME_write_reg	24	static
../Core/Src/main.c:125:9:BME_read_Data8	32	static
../Core/Src/main.c:137:6:BME_read_DataU16	24	static
../Core/Src/main.c:149:6:BME_read_DataS16	24	static
../Core/Src/main.c:160:6:BME_read_DataU24	24	static
../Core/Src/main.c:174:6:BME_read_DataU24_BE	24	static
../Core/Src/main.c:186:6:BME_read_DataS24	24	static
../Core/Src/main.c:196:6:BMEReadCalibData	16	static
../Core/Src/main.c:211:6:BME280_SetMode	24	static
../Core/Src/main.c:223:7:BME280_ReadTemperature	24	static
../Core/Src/main.c:248:7:BME280_ReadPressure	352	static
../Core/Src/main.c:282:6:BME280_Init	8	static
../Core/Src/main.c:297:7:workWithBME280	4	static
../Core/Src/main.c:312:5:main	16	static
../Core/Src/main.c:360:6:SystemClock_Config	88	static
../Core/Src/main.c:402:13:MX_SPI2_Init	8	static
../Core/Src/main.c:440:13:MX_USART1_UART_Init	8	static
../Core/Src/main.c:473:13:MX_GPIO_Init	40	static
../Core/Src/main.c:503:6:Error_Handler	4	static,ignoring_inline_asm
