../Core/Src/main.c:72:5:_write	24	static
../Core/Src/main.c:79:6:BME_ShiftRegs	24	static
../Core/Src/main.c:90:6:BME_cs	16	static
../Core/Src/main.c:111:6:BME_write_reg	24	static
../Core/Src/main.c:126:9:BME_read_Data8	32	static
../Core/Src/main.c:138:6:BME_read_DataU16	24	static
../Core/Src/main.c:150:6:BME_read_DataS16	24	static
../Core/Src/main.c:161:6:BME_read_DataU24	24	static
../Core/Src/main.c:175:6:BME_read_DataU24_BE	24	static
../Core/Src/main.c:187:6:BME_read_DataS24	24	static
../Core/Src/main.c:197:6:BMEReadCalibData	16	static
../Core/Src/main.c:212:6:BME280_SetMode	24	static
../Core/Src/main.c:224:7:BME280_ReadTemperature	24	static
../Core/Src/main.c:250:7:BME280_ReadPressure	352	static
../Core/Src/main.c:285:6:BME280_Init	8	static
../Core/Src/main.c:300:7:workWithBME280	4	static
../Core/Src/main.c:315:5:main	16	static
../Core/Src/main.c:367:6:SystemClock_Config	88	static
../Core/Src/main.c:413:13:MX_SPI2_Init	8	static
../Core/Src/main.c:451:13:MX_USART1_UART_Init	8	static
../Core/Src/main.c:484:13:MX_GPIO_Init	48	static
../Core/Src/main.c:515:6:Error_Handler	4	static,ignoring_inline_asm
